---
source: crates/parser/src/tests.rs
description: "foo: Int\n"
input_file: crates/parser/test_data/parser/inline/ok/expr/0126_simple_ident_expr_with_type.ath
---
IDENT_EXPR
  NAME_REF
    IDENT "foo"
  COLON ":"
  WHITESPACE " "
  IDENT_SORT
    NAME_REF
      IDENT "Int"
  WHITESPACE "\n"

