---
source: crates/parser/src/tests.rs
description: "while foo\n"
input_file: crates/parser/test_data/parser/inline/err/expr/0021_while_expr_no_phrase.ath
---
WHILE_EXPR
  WHILE_KW "while"
  WHITESPACE " "
  IDENT_EXPR
    NAME_REF
      IDENT "foo"
  WHITESPACE "\n"
error 9: Expected to find a body (expr) for the while expression

