---
source: crates/parser/src/tests.rs
description: "(dletrec ((foo 1) (bar 2)) (!claim A))\n"
input_file: crates/parser/test_data/parser/inline/ok/ded/0169_prefix_let_rec_ded.ath
---
PREFIX_LET_REC_DED
  L_PAREN "("
  DLETREC_KW "dletrec"
  WHITESPACE " "
  L_PAREN "("
  PREFIX_BINDING
    L_PAREN "("
    IDENT_PAT
      NAME
        IDENT "foo"
    WHITESPACE " "
    IDENT_EXPR
      NAME_REF
        IDENT "1"
    R_PAREN ")"
  WHITESPACE " "
  PREFIX_BINDING
    L_PAREN "("
    IDENT_PAT
      NAME
        IDENT "bar"
    WHITESPACE " "
    IDENT_EXPR
      NAME_REF
        IDENT "2"
    R_PAREN ")"
  R_PAREN ")"
  WHITESPACE " "
  BANG_METHOD_CALL_DED
    L_PAREN "("
    BANG "!"
    IDENT_EXPR
      NAME_REF
        IDENT "claim"
    WHITESPACE " "
    IDENT_EXPR
      NAME_REF
        IDENT "A"
    R_PAREN ")"
  R_PAREN ")"
  WHITESPACE "\n"

