---
source: crates/parser/src/tests.rs
description: "letrec { a := b; c := d }\n"
input_file: crates/parser/test_data/parser/inline/err/ded/0053_let_rec_ded_no_body.ath
---
INFIX_LET_REC_DED
  LETREC_KW "letrec"
  WHITESPACE " "
  L_CURLY "{"
  WHITESPACE " "
  LET_REC_PART
    NAME
      IDENT "a"
    WHITESPACE " "
    COLON_EQ ":="
    WHITESPACE " "
    IDENT_EXPR
      NAME_REF
        IDENT "b"
  LET_REC_PART
    SEMI ";"
    WHITESPACE " "
    NAME
      IDENT "c"
    WHITESPACE " "
    COLON_EQ ":="
    WHITESPACE " "
    IDENT_EXPR
      NAME_REF
        IDENT "d"
  WHITESPACE " "
  R_CURLY "}"
  WHITESPACE "\n"
error 25: Expected a letrec body

