---
source: crates/parser/src/tests.rs
description: "{ A by B on C, D }\n"
input_file: crates/parser/test_data/parser/inline/ok/ded/0137_infer_by_multiple.ath
---
INFER_BLOCK_DED
  L_CURLY "{"
  WHITESPACE " "
  MAYBE_NAMED_INFERENCE
    INFERENCE
      INFER_BY
        IDENT_EXPR
          NAME_REF
            IDENT "A"
        WHITESPACE " "
        BY_KW "by"
        WHITESPACE " "
        IDENT_EXPR
          NAME_REF
            IDENT "B"
        WHITESPACE " "
        ON_KW "on"
        WHITESPACE " "
        IDENT_EXPR
          NAME_REF
            IDENT "C"
        COMMA ","
        WHITESPACE " "
        IDENT_EXPR
          NAME_REF
            IDENT "D"
  WHITESPACE " "
  R_CURLY "}"
  WHITESPACE "\n"

