---
source: crates/parser/src/tests.rs
description: "pick-witness a for b (!claim a)\n"
input_file: crates/parser/test_data/parser/inline/ok/ded/0179_pick_witness_ded.ath
---
PICK_WITNESS_DED
  PICK_WITNESS_KW "pick-witness"
  WHITESPACE " "
  NAME
    IDENT "a"
  WHITESPACE " "
  FOR_KW "for"
  WHITESPACE " "
  IDENT_EXPR
    NAME_REF
      IDENT "b"
  WHITESPACE " "
  BANG_METHOD_CALL_DED
    L_PAREN "("
    BANG "!"
    IDENT_EXPR
      NAME_REF
        IDENT "claim"
    WHITESPACE " "
    IDENT_EXPR
      NAME_REF
        IDENT "a"
    R_PAREN ")"
  WHITESPACE "\n"

