---
source: crates/parser/src/tests.rs
description: "conclude base_case := (factorial (zero - one) <= factorial zero)\n (!force base_case)\n"
input_file: crates/parser/test_data/parser/inline/ok/ded/0093_conclude_ded_named.ath
---
CONCLUDE_DED
  CONCLUDE_KW "conclude"
  WHITESPACE " "
  NAME
    IDENT "base_case"
  WHITESPACE " "
  COLON_EQ ":="
  WHITESPACE " "
  APPLICATION_EXPR
    L_PAREN "("
    IDENT_EXPR
      NAME_REF
        IDENT "factorial"
    WHITESPACE " "
    APPLICATION_EXPR
      L_PAREN "("
      IDENT_EXPR
        NAME_REF
          IDENT "zero"
      WHITESPACE " "
      IDENT_EXPR
        NAME_REF
          IDENT "-"
      WHITESPACE " "
      IDENT_EXPR
        NAME_REF
          IDENT "one"
      R_PAREN ")"
    WHITESPACE " "
    IDENT_EXPR
      NAME_REF
        IDENT "<="
    WHITESPACE " "
    IDENT_EXPR
      NAME_REF
        IDENT "factorial"
    WHITESPACE " "
    IDENT_EXPR
      NAME_REF
        IDENT "zero"
    R_PAREN ")"
  WHITESPACE "\n "
  BANG_METHOD_CALL_DED
    L_PAREN "("
    BANG "!"
    IDENT_EXPR
      NAME_REF
        IDENT "force"
    WHITESPACE " "
    IDENT_EXPR
      NAME_REF
        IDENT "base_case"
    R_PAREN ")"
  WHITESPACE "\n"

